#Packing pin usage report
Type: io
	Input Pin Usage:
		Max: 1.00 (0.50)
		Avg: 0.50 (0.25)
		Min: 0.00 (0.00)
		Histogram:
		[        0:      0.2) 96 (50.0%) |************************************************
		[      0.2:      0.4)  0 ( 0.0%) |
		[      0.4:      0.6)  0 ( 0.0%) |
		[      0.6:      0.8)  0 ( 0.0%) |
		[      0.8:        1) 96 (50.0%) |************************************************
		[        1:      1.2)  0 ( 0.0%) |
		[      1.2:      1.4)  0 ( 0.0%) |
		[      1.4:      1.6)  0 ( 0.0%) |
		[      1.6:      1.8)  0 ( 0.0%) |
		[      1.8:        2)  0 ( 0.0%) |
	Output Pin Usage:
		Max: 1.00 (1.00)
		Avg: 0.50 (0.50)
		Min: 0.00 (0.00)
		Histogram:
		[        0:      0.1) 96 (50.0%) |************************************************
		[      0.1:      0.2)  0 ( 0.0%) |
		[      0.2:      0.3)  0 ( 0.0%) |
		[      0.3:      0.4)  0 ( 0.0%) |
		[      0.4:      0.5)  0 ( 0.0%) |
		[      0.5:      0.6)  0 ( 0.0%) |
		[      0.6:      0.7)  0 ( 0.0%) |
		[      0.7:      0.8)  0 ( 0.0%) |
		[      0.8:      0.9)  0 ( 0.0%) |
		[      0.9:        1) 96 (50.0%) |************************************************

Type: clb
	Input Pin Usage:
		Max: 32.00 (0.78)
		Avg: 20.11 (0.49)
		Min: 11.00 (0.27)
		Histogram:
		[        0:      4.1) 0 ( 0.0%) |
		[      4.1:      8.2) 0 ( 0.0%) |
		[      8.2:       12) 3 (15.8%) |******************
		[       12:       16) 2 (10.5%) |************
		[       16:       20) 3 (15.8%) |******************
		[       20:       25) 8 (42.1%) |*************************************************
		[       25:       29) 2 (10.5%) |************
		[       29:       33) 1 ( 5.3%) |******
		[       33:       37) 0 ( 0.0%) |
		[       37:       41) 0 ( 0.0%) |
	Output Pin Usage:
		Max: 15.00 (0.75)
		Avg: 10.32 (0.52)
		Min: 6.00 (0.30)
		Histogram:
		[        0:        2) 0 ( 0.0%) |
		[        2:        4) 0 ( 0.0%) |
		[        4:        6) 1 ( 5.3%) |**********
		[        6:        8) 5 (26.3%) |*************************************************
		[        8:       10) 5 (26.3%) |*************************************************
		[       10:       12) 3 (15.8%) |*****************************
		[       12:       14) 4 (21.1%) |***************************************
		[       14:       16) 1 ( 5.3%) |**********
		[       16:       18) 0 ( 0.0%) |
		[       18:       20) 0 ( 0.0%) |

Type: mult_36
	Input Pin Usage:
		Max: 16.00 (0.22)
		Avg: 16.00 (0.22)
		Min: 16.00 (0.22)
		Histogram:
		[        0:      7.2) 0 ( 0.0%) |
		[      7.2:       14) 0 ( 0.0%) |
		[       14:       22) 4 (100.0%) |*************************************************
		[       22:       29) 0 ( 0.0%) |
		[       29:       36) 0 ( 0.0%) |
		[       36:       43) 0 ( 0.0%) |
		[       43:       50) 0 ( 0.0%) |
		[       50:       58) 0 ( 0.0%) |
		[       58:       65) 0 ( 0.0%) |
		[       65:       72) 0 ( 0.0%) |
	Output Pin Usage:
		Max: 16.00 (0.22)
		Avg: 16.00 (0.22)
		Min: 16.00 (0.22)
		Histogram:
		[        0:      7.2) 0 ( 0.0%) |
		[      7.2:       14) 0 ( 0.0%) |
		[       14:       22) 4 (100.0%) |*************************************************
		[       22:       29) 0 ( 0.0%) |
		[       29:       36) 0 ( 0.0%) |
		[       36:       43) 0 ( 0.0%) |
		[       43:       50) 0 ( 0.0%) |
		[       50:       58) 0 ( 0.0%) |
		[       58:       65) 0 ( 0.0%) |
		[       65:       72) 0 ( 0.0%) |

