#Packing pin usage report
Type: io
	Input Pin Usage:
		Max: 1.00 (0.50)
		Avg: 0.50 (0.25)
		Min: 0.00 (0.00)
		Histogram:
		[        0:      0.2) 96 (50.0%) |************************************************
		[      0.2:      0.4)  0 ( 0.0%) |
		[      0.4:      0.6)  0 ( 0.0%) |
		[      0.6:      0.8)  0 ( 0.0%) |
		[      0.8:        1) 96 (50.0%) |************************************************
		[        1:      1.2)  0 ( 0.0%) |
		[      1.2:      1.4)  0 ( 0.0%) |
		[      1.4:      1.6)  0 ( 0.0%) |
		[      1.6:      1.8)  0 ( 0.0%) |
		[      1.8:        2)  0 ( 0.0%) |
	Output Pin Usage:
		Max: 1.00 (1.00)
		Avg: 0.50 (0.50)
		Min: 0.00 (0.00)
		Histogram:
		[        0:      0.1) 96 (50.0%) |************************************************
		[      0.1:      0.2)  0 ( 0.0%) |
		[      0.2:      0.3)  0 ( 0.0%) |
		[      0.3:      0.4)  0 ( 0.0%) |
		[      0.4:      0.5)  0 ( 0.0%) |
		[      0.5:      0.6)  0 ( 0.0%) |
		[      0.6:      0.7)  0 ( 0.0%) |
		[      0.7:      0.8)  0 ( 0.0%) |
		[      0.8:      0.9)  0 ( 0.0%) |
		[      0.9:        1) 96 (50.0%) |************************************************

Type: clb
	Input Pin Usage:
		Max: 29.00 (0.71)
		Avg: 18.27 (0.45)
		Min: 7.00 (0.17)
		Histogram:
		[        0:      4.1)  0 ( 0.0%) |
		[      4.1:      8.2)  2 ( 5.0%) |*******
		[      8.2:       12)  6 (15.0%) |**********************
		[       12:       16)  6 (15.0%) |**********************
		[       16:       20) 13 (32.5%) |************************************************
		[       20:       25)  9 (22.5%) |*********************************
		[       25:       29)  3 ( 7.5%) |***********
		[       29:       33)  1 ( 2.5%) |****
		[       33:       37)  0 ( 0.0%) |
		[       37:       41)  0 ( 0.0%) |
	Output Pin Usage:
		Max: 17.00 (0.85)
		Avg: 9.52 (0.48)
		Min: 4.00 (0.20)
		Histogram:
		[        0:        2)  0 ( 0.0%) |
		[        2:        4)  2 ( 5.0%) |*******
		[        4:        6)  5 (12.5%) |*****************
		[        6:        8) 14 (35.0%) |************************************************
		[        8:       10)  6 (15.0%) |*********************
		[       10:       12)  3 ( 7.5%) |**********
		[       12:       14)  4 (10.0%) |**************
		[       14:       16)  4 (10.0%) |**************
		[       16:       18)  2 ( 5.0%) |*******
		[       18:       20)  0 ( 0.0%) |

Type: mult_36
	Input Pin Usage:
		Max: 16.00 (0.22)
		Avg: 16.00 (0.22)
		Min: 16.00 (0.22)
		Histogram:
		[        0:      7.2) 0 ( 0.0%) |
		[      7.2:       14) 0 ( 0.0%) |
		[       14:       22) 2 (100.0%) |*************************************************
		[       22:       29) 0 ( 0.0%) |
		[       29:       36) 0 ( 0.0%) |
		[       36:       43) 0 ( 0.0%) |
		[       43:       50) 0 ( 0.0%) |
		[       50:       58) 0 ( 0.0%) |
		[       58:       65) 0 ( 0.0%) |
		[       65:       72) 0 ( 0.0%) |
	Output Pin Usage:
		Max: 16.00 (0.22)
		Avg: 16.00 (0.22)
		Min: 16.00 (0.22)
		Histogram:
		[        0:      7.2) 0 ( 0.0%) |
		[      7.2:       14) 0 ( 0.0%) |
		[       14:       22) 2 (100.0%) |*************************************************
		[       22:       29) 0 ( 0.0%) |
		[       29:       36) 0 ( 0.0%) |
		[       36:       43) 0 ( 0.0%) |
		[       43:       50) 0 ( 0.0%) |
		[       50:       58) 0 ( 0.0%) |
		[       58:       65) 0 ( 0.0%) |
		[       65:       72) 0 ( 0.0%) |

